Atoms in file1: 2, Atoms in file2: 2
Points in file1: 592704, Points in file2: 592704
